in_source: |-
  ."hello world"
in_stdin: |-
  test
out_code: |-
  {
    "data": [
      0,
      0,
      11,
      104,
      101,
      108,
      108,
      111,
      32,
      119,
      111,
      114,
      108,
      100
    ],
    "program": [
      {
        "code": "mov",
        "arg": 1
      },
      {
        "code": "dup",
        "arg": 0
      },
      {
        "code": "inc",
        "arg": 0
      },
      {
        "code": "-",
        "arg": 0
      },
      {
        "code": "dup",
        "arg": 0
      },
      {
        "code": "dec",
        "arg": 0
      },
      {
        "code": "-",
        "arg": 0
      },
      {
        "code": "dup",
        "arg": 0
      },
      {
        "code": "inc",
        "arg": 0
      },
      {
        "code": "+",
        "arg": 0
      },
      {
        "code": "dec",
        "arg": 0
      },
      {
        "code": ".",
        "arg": 0
      },
      {
        "code": "push",
        "arg": 1
      },
      {
        "code": "dup",
        "arg": 0
      },
      {
        "code": "inc",
        "arg": 0
      },
      {
        "code": "-",
        "arg": 0
      },
      {
        "code": "dup",
        "arg": 0
      },
      {
        "code": "dec",
        "arg": 0
      },
      {
        "code": "-",
        "arg": 0
      },
      {
        "code": "dup",
        "arg": 0
      },
      {
        "code": "inc",
        "arg": 0
      },
      {
        "code": "+",
        "arg": 0
      },
      {
        "code": "dec",
        "arg": 0
      },
      {
        "code": "-",
        "arg": 0
      },
      {
        "code": "dup",
        "arg": 0
      },
      {
        "code": "inc",
        "arg": 0
      },
      {
        "code": "jz",
        "arg": 42
      },
      {
        "code": "jmp",
        "arg": 15
      },
      {
        "code": "mov_rbp",
        "arg": 0
      },
      {
        "code": "halt",
        "arg": 0
      }
    ]
  }

out_stdout: |
  ====================
  hello world
  instr_counter:  298 ticks: 1557

out_log: |
  DEBUG   emulator:simulation    TICK:   0 PC:  14 SP: 149 ACC: 0
  DEBUG   emulator:simulation    TICK:   4 PC:  15 SP:   1 ACC: 0
  DEBUG   emulator:simulation    TICK:  11 PC:  16 SP:   0 ACC: 11
  DEBUG   emulator:simulation    TICK:  14 PC:  17 SP:   1 ACC: 11
  DEBUG   emulator:simulation    TICK:  22 PC:  18 SP:   2 ACC: 11
  DEBUG   emulator:simulation    TICK:  29 PC:  19 SP:   1 ACC: -93
  DEBUG   emulator:simulation    TICK:  32 PC:  20 SP:   0 ACC: -93
  DEBUG   emulator:simulation    TICK:  40 PC:  21 SP:   1 ACC: -93
  DEBUG   emulator:simulation    TICK:  47 PC:  22 SP:   0 ACC: 104
  DEBUG   emulator:simulation    TICK:  50 PC:  23 SP:   1 ACC: 104
  DEBUG   emulator:simulation    TICK:  58 PC:  24 SP:   2 ACC: 104
  DEBUG   emulator:simulation    TICK:  61 PC:  25 SP:   1 ACC: 104
  DEBUG   emulator:simulation    TICK:  63 PC:  26 SP:   2 ACC: 104
  DEBUG   emulator:simulation    TICK:  65 PC:  27 SP:   1 ACC: 104
  DEBUG   emulator:simulation    TICK:  72 PC:  28 SP:   0 ACC: 1
  DEBUG   emulator:simulation    TICK:  75 PC:  29 SP:   1 ACC: 1
  DEBUG   emulator:simulation    TICK:  83 PC:  30 SP:   2 ACC: 1
  DEBUG   emulator:simulation    TICK:  90 PC:  31 SP:   1 ACC: -10
  DEBUG   emulator:simulation    TICK:  93 PC:  32 SP:   0 ACC: -10
  DEBUG   emulator:simulation    TICK: 101 PC:  33 SP:   1 ACC: -10
  DEBUG   emulator:simulation    TICK: 108 PC:  34 SP:   0 ACC: 11
  DEBUG   emulator:simulation    TICK: 111 PC:  35 SP:   1 ACC: 11
  DEBUG   emulator:simulation    TICK: 119 PC:  36 SP:   2 ACC: 11
  DEBUG   emulator:simulation    TICK: 122 PC:  37 SP:   1 ACC: 11
  DEBUG   emulator:simulation    TICK: 130 PC:  38 SP:   2 ACC: 11
  DEBUG   emulator:simulation    TICK: 137 PC:  39 SP:   1 ACC: 10
  DEBUG   emulator:simulation    TICK: 140 PC:  40 SP:   2 ACC: 10
  DEBUG   emulator:simulation    TICK: 143 PC:  41 SP:   2 ACC: 10
  DEBUG   emulator:simulation    TICK: 145 PC:  15 SP:   2 ACC: 10
  DEBUG   emulator:simulation    TICK: 152 PC:  16 SP:   1 ACC: 10
  DEBUG   emulator:simulation    TICK: 155 PC:  17 SP:   2 ACC: 10
  DEBUG   emulator:simulation    TICK: 163 PC:  18 SP:   3 ACC: 10
  DEBUG   emulator:simulation    TICK: 170 PC:  19 SP:   2 ACC: -91
  DEBUG   emulator:simulation    TICK: 173 PC:  20 SP:   1 ACC: -91
  DEBUG   emulator:simulation    TICK: 181 PC:  21 SP:   2 ACC: -91
  DEBUG   emulator:simulation    TICK: 188 PC:  22 SP:   1 ACC: 101
  DEBUG   emulator:simulation    TICK: 191 PC:  23 SP:   2 ACC: 101
  DEBUG   emulator:simulation    TICK: 199 PC:  24 SP:   3 ACC: 101
  DEBUG   emulator:simulation    TICK: 202 PC:  25 SP:   2 ACC: 101
  DEBUG   emulator:simulation    TICK: 204 PC:  26 SP:   3 ACC: 101
  DEBUG   emulator:simulation    TICK: 206 PC:  27 SP:   2 ACC: 101
  DEBUG   emulator:simulation    TICK: 213 PC:  28 SP:   1 ACC: 1
  DEBUG   emulator:simulation    TICK: 216 PC:  29 SP:   2 ACC: 1
  DEBUG   emulator:simulation    TICK: 224 PC:  30 SP:   3 ACC: 1
  DEBUG   emulator:simulation    TICK: 231 PC:  31 SP:   2 ACC: -9
  DEBUG   emulator:simulation    TICK: 234 PC:  32 SP:   1 ACC: -9
  DEBUG   emulator:simulation    TICK: 242 PC:  33 SP:   2 ACC: -9
  DEBUG   emulator:simulation    TICK: 249 PC:  34 SP:   1 ACC: 10
  DEBUG   emulator:simulation    TICK: 252 PC:  35 SP:   2 ACC: 10
  DEBUG   emulator:simulation    TICK: 260 PC:  36 SP:   3 ACC: 10
  DEBUG   emulator:simulation    TICK: 263 PC:  37 SP:   2 ACC: 10
  DEBUG   emulator:simulation    TICK: 271 PC:  38 SP:   3 ACC: 10
  DEBUG   emulator:simulation    TICK: 278 PC:  39 SP:   2 ACC: 9
  DEBUG   emulator:simulation    TICK: 281 PC:  40 SP:   3 ACC: 9
  DEBUG   emulator:simulation    TICK: 284 PC:  41 SP:   3 ACC: 9
  DEBUG   emulator:simulation    TICK: 286 PC:  15 SP:   3 ACC: 9
  DEBUG   emulator:simulation    TICK: 293 PC:  16 SP:   2 ACC: 9
  DEBUG   emulator:simulation    TICK: 296 PC:  17 SP:   3 ACC: 9
  DEBUG   emulator:simulation    TICK: 304 PC:  18 SP:   4 ACC: 9
  DEBUG   emulator:simulation    TICK: 311 PC:  19 SP:   3 ACC: -99
  DEBUG   emulator:simulation    TICK: 314 PC:  20 SP:   2 ACC: -99
  DEBUG   emulator:simulation    TICK: 322 PC:  21 SP:   3 ACC: -99
  DEBUG   emulator:simulation    TICK: 329 PC:  22 SP:   2 ACC: 108
  DEBUG   emulator:simulation    TICK: 332 PC:  23 SP:   3 ACC: 108
  DEBUG   emulator:simulation    TICK: 340 PC:  24 SP:   4 ACC: 108
  DEBUG   emulator:simulation    TICK: 343 PC:  25 SP:   3 ACC: 108
  DEBUG   emulator:simulation    TICK: 345 PC:  26 SP:   4 ACC: 108
  DEBUG   emulator:simulation    TICK: 347 PC:  27 SP:   3 ACC: 108
  DEBUG   emulator:simulation    TICK: 354 PC:  28 SP:   2 ACC: 1
  DEBUG   emulator:simulation    TICK: 357 PC:  29 SP:   3 ACC: 1
  DEBUG   emulator:simulation    TICK: 365 PC:  30 SP:   4 ACC: 1
  DEBUG   emulator:simulation    TICK: 372 PC:  31 SP:   3 ACC: -8
  DEBUG   emulator:simulation    TICK: 375 PC:  32 SP:   2 ACC: -8
  DEBUG   emulator:simulation    TICK: 383 PC:  33 SP:   3 ACC: -8
  DEBUG   emulator:simulation    TICK: 390 PC:  34 SP:   2 ACC: 9
  DEBUG   emulator:simulation    TICK: 393 PC:  35 SP:   3 ACC: 9
  DEBUG   emulator:simulation    TICK: 401 PC:  36 SP:   4 ACC: 9
  DEBUG   emulator:simulation    TICK: 404 PC:  37 SP:   3 ACC: 9
  DEBUG   emulator:simulation    TICK: 412 PC:  38 SP:   4 ACC: 9
  DEBUG   emulator:simulation    TICK: 419 PC:  39 SP:   3 ACC: 8
  DEBUG   emulator:simulation    TICK: 422 PC:  40 SP:   4 ACC: 8
  DEBUG   emulator:simulation    TICK: 425 PC:  41 SP:   4 ACC: 8
  DEBUG   emulator:simulation    TICK: 427 PC:  15 SP:   4 ACC: 8
  DEBUG   emulator:simulation    TICK: 434 PC:  16 SP:   3 ACC: 8
  DEBUG   emulator:simulation    TICK: 437 PC:  17 SP:   4 ACC: 8
  DEBUG   emulator:simulation    TICK: 445 PC:  18 SP:   5 ACC: 8
  DEBUG   emulator:simulation    TICK: 452 PC:  19 SP:   4 ACC: -100
  DEBUG   emulator:simulation    TICK: 455 PC:  20 SP:   3 ACC: -100
  DEBUG   emulator:simulation    TICK: 463 PC:  21 SP:   4 ACC: -100
  DEBUG   emulator:simulation    TICK: 470 PC:  22 SP:   3 ACC: 108
  DEBUG   emulator:simulation    TICK: 473 PC:  23 SP:   4 ACC: 108
  DEBUG   emulator:simulation    TICK: 481 PC:  24 SP:   5 ACC: 108
  DEBUG   emulator:simulation    TICK: 484 PC:  25 SP:   4 ACC: 108
  DEBUG   emulator:simulation    TICK: 486 PC:  26 SP:   5 ACC: 108
  DEBUG   emulator:simulation    TICK: 488 PC:  27 SP:   4 ACC: 108
  DEBUG   emulator:simulation    TICK: 495 PC:  28 SP:   3 ACC: 1
  DEBUG   emulator:simulation    TICK: 498 PC:  29 SP:   4 ACC: 1
  DEBUG   emulator:simulation    TICK: 506 PC:  30 SP:   5 ACC: 1
  DEBUG   emulator:simulation    TICK: 513 PC:  31 SP:   4 ACC: -7
  DEBUG   emulator:simulation    TICK: 516 PC:  32 SP:   3 ACC: -7
  DEBUG   emulator:simulation    TICK: 524 PC:  33 SP:   4 ACC: -7
  DEBUG   emulator:simulation    TICK: 531 PC:  34 SP:   3 ACC: 8
  DEBUG   emulator:simulation    TICK: 534 PC:  35 SP:   4 ACC: 8
  DEBUG   emulator:simulation    TICK: 542 PC:  36 SP:   5 ACC: 8
  DEBUG   emulator:simulation    TICK: 545 PC:  37 SP:   4 ACC: 8
  DEBUG   emulator:simulation    TICK: 553 PC:  38 SP:   5 ACC: 8
  DEBUG   emulator:simulation    TICK: 560 PC:  39 SP:   4 ACC: 7
  DEBUG   emulator:simulation    TICK: 563 PC:  40 SP:   5 ACC: 7
  DEBUG   emulator:simulation    TICK: 566 PC:  41 SP:   5 ACC: 7
  DEBUG   emulator:simulation    TICK: 568 PC:  15 SP:   5 ACC: 7
  DEBUG   emulator:simulation    TICK: 575 PC:  16 SP:   4 ACC: 7
  DEBUG   emulator:simulation    TICK: 578 PC:  17 SP:   5 ACC: 7
  DEBUG   emulator:simulation    TICK: 586 PC:  18 SP:   6 ACC: 7
  DEBUG   emulator:simulation    TICK: 593 PC:  19 SP:   5 ACC: -104
  DEBUG   emulator:simulation    TICK: 596 PC:  20 SP:   4 ACC: -104
  DEBUG   emulator:simulation    TICK: 604 PC:  21 SP:   5 ACC: -104
  DEBUG   emulator:simulation    TICK: 611 PC:  22 SP:   4 ACC: 111
  DEBUG   emulator:simulation    TICK: 614 PC:  23 SP:   5 ACC: 111
  DEBUG   emulator:simulation    TICK: 622 PC:  24 SP:   6 ACC: 111
  DEBUG   emulator:simulation    TICK: 625 PC:  25 SP:   5 ACC: 111
  DEBUG   emulator:simulation    TICK: 627 PC:  26 SP:   6 ACC: 111
  DEBUG   emulator:simulation    TICK: 629 PC:  27 SP:   5 ACC: 111
  DEBUG   emulator:simulation    TICK: 636 PC:  28 SP:   4 ACC: 1
  DEBUG   emulator:simulation    TICK: 639 PC:  29 SP:   5 ACC: 1
  DEBUG   emulator:simulation    TICK: 647 PC:  30 SP:   6 ACC: 1
  DEBUG   emulator:simulation    TICK: 654 PC:  31 SP:   5 ACC: -6
  DEBUG   emulator:simulation    TICK: 657 PC:  32 SP:   4 ACC: -6
  DEBUG   emulator:simulation    TICK: 665 PC:  33 SP:   5 ACC: -6
  DEBUG   emulator:simulation    TICK: 672 PC:  34 SP:   4 ACC: 7
  DEBUG   emulator:simulation    TICK: 675 PC:  35 SP:   5 ACC: 7
  DEBUG   emulator:simulation    TICK: 683 PC:  36 SP:   6 ACC: 7
  DEBUG   emulator:simulation    TICK: 686 PC:  37 SP:   5 ACC: 7
  DEBUG   emulator:simulation    TICK: 694 PC:  38 SP:   6 ACC: 7
  DEBUG   emulator:simulation    TICK: 701 PC:  39 SP:   5 ACC: 6
  DEBUG   emulator:simulation    TICK: 704 PC:  40 SP:   6 ACC: 6
  DEBUG   emulator:simulation    TICK: 707 PC:  41 SP:   6 ACC: 6
  DEBUG   emulator:simulation    TICK: 709 PC:  15 SP:   6 ACC: 6
  DEBUG   emulator:simulation    TICK: 716 PC:  16 SP:   5 ACC: 6
  DEBUG   emulator:simulation    TICK: 719 PC:  17 SP:   6 ACC: 6
  DEBUG   emulator:simulation    TICK: 727 PC:  18 SP:   7 ACC: 6
  DEBUG   emulator:simulation    TICK: 734 PC:  19 SP:   6 ACC: -26
  DEBUG   emulator:simulation    TICK: 737 PC:  20 SP:   5 ACC: -26
  DEBUG   emulator:simulation    TICK: 745 PC:  21 SP:   6 ACC: -26
  DEBUG   emulator:simulation    TICK: 752 PC:  22 SP:   5 ACC: 32
  DEBUG   emulator:simulation    TICK: 755 PC:  23 SP:   6 ACC: 32
  DEBUG   emulator:simulation    TICK: 763 PC:  24 SP:   7 ACC: 32
  DEBUG   emulator:simulation    TICK: 766 PC:  25 SP:   6 ACC: 32
  DEBUG   emulator:simulation    TICK: 768 PC:  26 SP:   7 ACC: 32
  DEBUG   emulator:simulation    TICK: 770 PC:  27 SP:   6 ACC: 32
  DEBUG   emulator:simulation    TICK: 777 PC:  28 SP:   5 ACC: 1
  DEBUG   emulator:simulation    TICK: 780 PC:  29 SP:   6 ACC: 1
  DEBUG   emulator:simulation    TICK: 788 PC:  30 SP:   7 ACC: 1
  DEBUG   emulator:simulation    TICK: 795 PC:  31 SP:   6 ACC: -5
  DEBUG   emulator:simulation    TICK: 798 PC:  32 SP:   5 ACC: -5
  DEBUG   emulator:simulation    TICK: 806 PC:  33 SP:   6 ACC: -5
  DEBUG   emulator:simulation    TICK: 813 PC:  34 SP:   5 ACC: 6
  DEBUG   emulator:simulation    TICK: 816 PC:  35 SP:   6 ACC: 6
  DEBUG   emulator:simulation    TICK: 824 PC:  36 SP:   7 ACC: 6
  DEBUG   emulator:simulation    TICK: 827 PC:  37 SP:   6 ACC: 6
  DEBUG   emulator:simulation    TICK: 835 PC:  38 SP:   7 ACC: 6
  DEBUG   emulator:simulation    TICK: 842 PC:  39 SP:   6 ACC: 5
  DEBUG   emulator:simulation    TICK: 845 PC:  40 SP:   7 ACC: 5
  DEBUG   emulator:simulation    TICK: 848 PC:  41 SP:   7 ACC: 5
  DEBUG   emulator:simulation    TICK: 850 PC:  15 SP:   7 ACC: 5
  DEBUG   emulator:simulation    TICK: 857 PC:  16 SP:   6 ACC: 5
  DEBUG   emulator:simulation    TICK: 860 PC:  17 SP:   7 ACC: 5
  DEBUG   emulator:simulation    TICK: 868 PC:  18 SP:   8 ACC: 5
  DEBUG   emulator:simulation    TICK: 875 PC:  19 SP:   7 ACC: -114
  DEBUG   emulator:simulation    TICK: 878 PC:  20 SP:   6 ACC: -114
  DEBUG   emulator:simulation    TICK: 886 PC:  21 SP:   7 ACC: -114
  DEBUG   emulator:simulation    TICK: 893 PC:  22 SP:   6 ACC: 119
  DEBUG   emulator:simulation    TICK: 896 PC:  23 SP:   7 ACC: 119
  DEBUG   emulator:simulation    TICK: 904 PC:  24 SP:   8 ACC: 119
  DEBUG   emulator:simulation    TICK: 907 PC:  25 SP:   7 ACC: 119
  DEBUG   emulator:simulation    TICK: 909 PC:  26 SP:   8 ACC: 119
  DEBUG   emulator:simulation    TICK: 911 PC:  27 SP:   7 ACC: 119
  DEBUG   emulator:simulation    TICK: 918 PC:  28 SP:   6 ACC: 1
  DEBUG   emulator:simulation    TICK: 921 PC:  29 SP:   7 ACC: 1
  DEBUG   emulator:simulation    TICK: 929 PC:  30 SP:   8 ACC: 1
  DEBUG   emulator:simulation    TICK: 936 PC:  31 SP:   7 ACC: -4
  DEBUG   emulator:simulation    TICK: 939 PC:  32 SP:   6 ACC: -4
  DEBUG   emulator:simulation    TICK: 947 PC:  33 SP:   7 ACC: -4
  DEBUG   emulator:simulation    TICK: 954 PC:  34 SP:   6 ACC: 5
  DEBUG   emulator:simulation    TICK: 957 PC:  35 SP:   7 ACC: 5
  DEBUG   emulator:simulation    TICK: 965 PC:  36 SP:   8 ACC: 5
  DEBUG   emulator:simulation    TICK: 968 PC:  37 SP:   7 ACC: 5
  DEBUG   emulator:simulation    TICK: 976 PC:  38 SP:   8 ACC: 5
  DEBUG   emulator:simulation    TICK: 983 PC:  39 SP:   7 ACC: 4
  DEBUG   emulator:simulation    TICK: 986 PC:  40 SP:   8 ACC: 4
  DEBUG   emulator:simulation    TICK: 989 PC:  41 SP:   8 ACC: 4
  DEBUG   emulator:simulation    TICK: 991 PC:  15 SP:   8 ACC: 4
  DEBUG   emulator:simulation    TICK: 998 PC:  16 SP:   7 ACC: 4
  DEBUG   emulator:simulation    TICK: 1001 PC:  17 SP:   8 ACC: 4
  DEBUG   emulator:simulation    TICK: 1009 PC:  18 SP:   9 ACC: 4
  DEBUG   emulator:simulation    TICK: 1016 PC:  19 SP:   8 ACC: -107
  DEBUG   emulator:simulation    TICK: 1019 PC:  20 SP:   7 ACC: -107
  DEBUG   emulator:simulation    TICK: 1027 PC:  21 SP:   8 ACC: -107
  DEBUG   emulator:simulation    TICK: 1034 PC:  22 SP:   7 ACC: 111
  DEBUG   emulator:simulation    TICK: 1037 PC:  23 SP:   8 ACC: 111
  DEBUG   emulator:simulation    TICK: 1045 PC:  24 SP:   9 ACC: 111
  DEBUG   emulator:simulation    TICK: 1048 PC:  25 SP:   8 ACC: 111
  DEBUG   emulator:simulation    TICK: 1050 PC:  26 SP:   9 ACC: 111
  DEBUG   emulator:simulation    TICK: 1052 PC:  27 SP:   8 ACC: 111
  DEBUG   emulator:simulation    TICK: 1059 PC:  28 SP:   7 ACC: 1
  DEBUG   emulator:simulation    TICK: 1062 PC:  29 SP:   8 ACC: 1
  DEBUG   emulator:simulation    TICK: 1070 PC:  30 SP:   9 ACC: 1
  DEBUG   emulator:simulation    TICK: 1077 PC:  31 SP:   8 ACC: -3
  DEBUG   emulator:simulation    TICK: 1080 PC:  32 SP:   7 ACC: -3
  DEBUG   emulator:simulation    TICK: 1088 PC:  33 SP:   8 ACC: -3
  DEBUG   emulator:simulation    TICK: 1095 PC:  34 SP:   7 ACC: 4
  DEBUG   emulator:simulation    TICK: 1098 PC:  35 SP:   8 ACC: 4
  DEBUG   emulator:simulation    TICK: 1106 PC:  36 SP:   9 ACC: 4
  DEBUG   emulator:simulation    TICK: 1109 PC:  37 SP:   8 ACC: 4
  DEBUG   emulator:simulation    TICK: 1117 PC:  38 SP:   9 ACC: 4
  DEBUG   emulator:simulation    TICK: 1124 PC:  39 SP:   8 ACC: 3
  DEBUG   emulator:simulation    TICK: 1127 PC:  40 SP:   9 ACC: 3
  DEBUG   emulator:simulation    TICK: 1130 PC:  41 SP:   9 ACC: 3
  DEBUG   emulator:simulation    TICK: 1132 PC:  15 SP:   9 ACC: 3
  DEBUG   emulator:simulation    TICK: 1139 PC:  16 SP:   8 ACC: 3
  DEBUG   emulator:simulation    TICK: 1142 PC:  17 SP:   9 ACC: 3
  DEBUG   emulator:simulation    TICK: 1150 PC:  18 SP:  10 ACC: 3
  DEBUG   emulator:simulation    TICK: 1157 PC:  19 SP:   9 ACC: -111
  DEBUG   emulator:simulation    TICK: 1160 PC:  20 SP:   8 ACC: -111
  DEBUG   emulator:simulation    TICK: 1168 PC:  21 SP:   9 ACC: -111
  DEBUG   emulator:simulation    TICK: 1175 PC:  22 SP:   8 ACC: 114
  DEBUG   emulator:simulation    TICK: 1178 PC:  23 SP:   9 ACC: 114
  DEBUG   emulator:simulation    TICK: 1186 PC:  24 SP:  10 ACC: 114
  DEBUG   emulator:simulation    TICK: 1189 PC:  25 SP:   9 ACC: 114
  DEBUG   emulator:simulation    TICK: 1191 PC:  26 SP:  10 ACC: 114
  DEBUG   emulator:simulation    TICK: 1193 PC:  27 SP:   9 ACC: 114
  DEBUG   emulator:simulation    TICK: 1200 PC:  28 SP:   8 ACC: 1
  DEBUG   emulator:simulation    TICK: 1203 PC:  29 SP:   9 ACC: 1
  DEBUG   emulator:simulation    TICK: 1211 PC:  30 SP:  10 ACC: 1
  DEBUG   emulator:simulation    TICK: 1218 PC:  31 SP:   9 ACC: -2
  DEBUG   emulator:simulation    TICK: 1221 PC:  32 SP:   8 ACC: -2
  DEBUG   emulator:simulation    TICK: 1229 PC:  33 SP:   9 ACC: -2
  DEBUG   emulator:simulation    TICK: 1236 PC:  34 SP:   8 ACC: 3
  DEBUG   emulator:simulation    TICK: 1239 PC:  35 SP:   9 ACC: 3
  DEBUG   emulator:simulation    TICK: 1247 PC:  36 SP:  10 ACC: 3
  DEBUG   emulator:simulation    TICK: 1250 PC:  37 SP:   9 ACC: 3
  DEBUG   emulator:simulation    TICK: 1258 PC:  38 SP:  10 ACC: 3
  DEBUG   emulator:simulation    TICK: 1265 PC:  39 SP:   9 ACC: 2
  DEBUG   emulator:simulation    TICK: 1268 PC:  40 SP:  10 ACC: 2
  DEBUG   emulator:simulation    TICK: 1271 PC:  41 SP:  10 ACC: 2
  DEBUG   emulator:simulation    TICK: 1273 PC:  15 SP:  10 ACC: 2
  DEBUG   emulator:simulation    TICK: 1280 PC:  16 SP:   9 ACC: 2
  DEBUG   emulator:simulation    TICK: 1283 PC:  17 SP:  10 ACC: 2
  DEBUG   emulator:simulation    TICK: 1291 PC:  18 SP:  11 ACC: 2
  DEBUG   emulator:simulation    TICK: 1298 PC:  19 SP:  10 ACC: -106
  DEBUG   emulator:simulation    TICK: 1301 PC:  20 SP:   9 ACC: -106
  DEBUG   emulator:simulation    TICK: 1309 PC:  21 SP:  10 ACC: -106
  DEBUG   emulator:simulation    TICK: 1316 PC:  22 SP:   9 ACC: 108
  DEBUG   emulator:simulation    TICK: 1319 PC:  23 SP:  10 ACC: 108
  DEBUG   emulator:simulation    TICK: 1327 PC:  24 SP:  11 ACC: 108
  DEBUG   emulator:simulation    TICK: 1330 PC:  25 SP:  10 ACC: 108
  DEBUG   emulator:simulation    TICK: 1332 PC:  26 SP:  11 ACC: 108
  DEBUG   emulator:simulation    TICK: 1334 PC:  27 SP:  10 ACC: 108
  DEBUG   emulator:simulation    TICK: 1341 PC:  28 SP:   9 ACC: 1
  DEBUG   emulator:simulation    TICK: 1344 PC:  29 SP:  10 ACC: 1
  DEBUG   emulator:simulation    TICK: 1352 PC:  30 SP:  11 ACC: 1
  DEBUG   emulator:simulation    TICK: 1359 PC:  31 SP:  10 ACC: -1
  DEBUG   emulator:simulation    TICK: 1362 PC:  32 SP:   9 ACC: -1
  DEBUG   emulator:simulation    TICK: 1370 PC:  33 SP:  10 ACC: -1
  DEBUG   emulator:simulation    TICK: 1377 PC:  34 SP:   9 ACC: 2
  DEBUG   emulator:simulation    TICK: 1380 PC:  35 SP:  10 ACC: 2
  DEBUG   emulator:simulation    TICK: 1388 PC:  36 SP:  11 ACC: 2
  DEBUG   emulator:simulation    TICK: 1391 PC:  37 SP:  10 ACC: 2
  DEBUG   emulator:simulation    TICK: 1399 PC:  38 SP:  11 ACC: 2
  DEBUG   emulator:simulation    TICK: 1406 PC:  39 SP:  10 ACC: 1
  DEBUG   emulator:simulation    TICK: 1409 PC:  40 SP:  11 ACC: 1
  DEBUG   emulator:simulation    TICK: 1412 PC:  41 SP:  11 ACC: 1
  DEBUG   emulator:simulation    TICK: 1414 PC:  15 SP:  11 ACC: 1
  DEBUG   emulator:simulation    TICK: 1421 PC:  16 SP:  10 ACC: 1
  DEBUG   emulator:simulation    TICK: 1424 PC:  17 SP:  11 ACC: 1
  DEBUG   emulator:simulation    TICK: 1432 PC:  18 SP:  12 ACC: 1
  DEBUG   emulator:simulation    TICK: 1439 PC:  19 SP:  11 ACC: -99
  DEBUG   emulator:simulation    TICK: 1442 PC:  20 SP:  10 ACC: -99
  DEBUG   emulator:simulation    TICK: 1450 PC:  21 SP:  11 ACC: -99
  DEBUG   emulator:simulation    TICK: 1457 PC:  22 SP:  10 ACC: 100
  DEBUG   emulator:simulation    TICK: 1460 PC:  23 SP:  11 ACC: 100
  DEBUG   emulator:simulation    TICK: 1468 PC:  24 SP:  12 ACC: 100
  DEBUG   emulator:simulation    TICK: 1471 PC:  25 SP:  11 ACC: 100
  DEBUG   emulator:simulation    TICK: 1473 PC:  26 SP:  12 ACC: 100
  DEBUG   emulator:simulation    TICK: 1475 PC:  27 SP:  11 ACC: 100
  DEBUG   emulator:simulation    TICK: 1482 PC:  28 SP:  10 ACC: 1
  DEBUG   emulator:simulation    TICK: 1485 PC:  29 SP:  11 ACC: 1
  DEBUG   emulator:simulation    TICK: 1493 PC:  30 SP:  12 ACC: 1
  DEBUG   emulator:simulation    TICK: 1500 PC:  31 SP:  11 ACC: 0
  DEBUG   emulator:simulation    TICK: 1503 PC:  32 SP:  10 ACC: 0
  DEBUG   emulator:simulation    TICK: 1511 PC:  33 SP:  11 ACC: 0
  DEBUG   emulator:simulation    TICK: 1518 PC:  34 SP:  10 ACC: 1
  DEBUG   emulator:simulation    TICK: 1521 PC:  35 SP:  11 ACC: 1
  DEBUG   emulator:simulation    TICK: 1529 PC:  36 SP:  12 ACC: 1
  DEBUG   emulator:simulation    TICK: 1532 PC:  37 SP:  11 ACC: 1
  DEBUG   emulator:simulation    TICK: 1540 PC:  38 SP:  12 ACC: 1
  DEBUG   emulator:simulation    TICK: 1547 PC:  39 SP:  11 ACC: 0
  DEBUG   emulator:simulation    TICK: 1550 PC:  40 SP:  12 ACC: 0
  DEBUG   emulator:simulation    TICK: 1553 PC:  42 SP:  12 ACC: 0
  DEBUG   emulator:simulation    TICK: 1556 PC:  43 SP: 149 ACC: 0
  INFO    emulator:simulation    output_buffer: 'hello world'
