in_source: |-
  ."Hello, " begin input dup . '.' != until '!' .
in_stdin: |-
  Name.
out_code: |-
  {
    "data": [
      0,
      0,
      7,
      104,
      101,
      108,
      108,
      111,
      44,
      32
    ],
    "program": [
      {
        "code": "mov",
        "arg": 1
      },
      {
        "code": "dup",
        "arg": 0
      },
      {
        "code": "inc",
        "arg": 0
      },
      {
        "code": "-",
        "arg": 0
      },
      {
        "code": "dup",
        "arg": 0
      },
      {
        "code": "dec",
        "arg": 0
      },
      {
        "code": "-",
        "arg": 0
      },
      {
        "code": "dup",
        "arg": 0
      },
      {
        "code": "inc",
        "arg": 0
      },
      {
        "code": "+",
        "arg": 0
      },
      {
        "code": "dec",
        "arg": 0
      },
      {
        "code": ".",
        "arg": 0
      },
      {
        "code": "push",
        "arg": 1
      },
      {
        "code": "dup",
        "arg": 0
      },
      {
        "code": "inc",
        "arg": 0
      },
      {
        "code": "-",
        "arg": 0
      },
      {
        "code": "dup",
        "arg": 0
      },
      {
        "code": "dec",
        "arg": 0
      },
      {
        "code": "-",
        "arg": 0
      },
      {
        "code": "dup",
        "arg": 0
      },
      {
        "code": "inc",
        "arg": 0
      },
      {
        "code": "+",
        "arg": 0
      },
      {
        "code": "dec",
        "arg": 0
      },
      {
        "code": "-",
        "arg": 0
      },
      {
        "code": "dup",
        "arg": 0
      },
      {
        "code": "inc",
        "arg": 0
      },
      {
        "code": "jz",
        "arg": 38
      },
      {
        "code": "jmp",
        "arg": 11
      },
      {
        "code": "mov_rbp",
        "arg": 0
      },
      {
        "code": "input",
        "arg": 0
      },
      {
        "code": "dup",
        "arg": 0
      },
      {
        "code": ".",
        "arg": 0
      },
      {
        "code": "push",
        "arg": 46
      },
      {
        "code": "!=",
        "arg": 0
      },
      {
        "code": "inc",
        "arg": 0
      },
      {
        "code": "jz",
        "arg": 47
      },
      {
        "code": "jmp",
        "arg": 39
      },
      {
        "code": "push",
        "arg": 33
      },
      {
        "code": ".",
        "arg": 0
      },
      {
        "code": "halt",
        "arg": 0
      }
    ]
  }

out_stdout: |
  ====================
  hello, Name.!
  instr_counter:  231 ticks: 1140

out_log: |
  DEBUG   emulator:simulation    TICK:   0 PC:  10 SP: 149 ACC: 0 	mov 1
  DEBUG   emulator:simulation    TICK:   4 PC:  11 SP:   1 ACC: 0 	dup 0
  DEBUG   emulator:simulation    TICK:  11 PC:  12 SP:   0 ACC: 7 	inc 0
  DEBUG   emulator:simulation    TICK:  14 PC:  13 SP:   1 ACC: 7 	- 0
  DEBUG   emulator:simulation    TICK:  22 PC:  14 SP:   2 ACC: 7 	dup 0
  DEBUG   emulator:simulation    TICK:  29 PC:  15 SP:   1 ACC: -97 	dec 0
  DEBUG   emulator:simulation    TICK:  32 PC:  16 SP:   0 ACC: -97 	- 0
  DEBUG   emulator:simulation    TICK:  40 PC:  17 SP:   1 ACC: -97 	dup 0
  DEBUG   emulator:simulation    TICK:  47 PC:  18 SP:   0 ACC: 104 	inc 0
  DEBUG   emulator:simulation    TICK:  50 PC:  19 SP:   1 ACC: 104 	+ 0
  DEBUG   emulator:simulation    TICK:  58 PC:  20 SP:   2 ACC: 104 	dec 0
  DEBUG   emulator:simulation    TICK:  61 PC:  21 SP:   1 ACC: 104 	. 0
  DEBUG   emulator:simulation    TICK:  63 PC:  22 SP:   2 ACC: 104 	push 1
  DEBUG   emulator:simulation    TICK:  65 PC:  23 SP:   1 ACC: 104 	dup 0
  DEBUG   emulator:simulation    TICK:  72 PC:  24 SP:   0 ACC: 1 	inc 0
  DEBUG   emulator:simulation    TICK:  75 PC:  25 SP:   1 ACC: 1 	- 0
  DEBUG   emulator:simulation    TICK:  83 PC:  26 SP:   2 ACC: 1 	dup 0
  DEBUG   emulator:simulation    TICK:  90 PC:  27 SP:   1 ACC: -6 	dec 0
  DEBUG   emulator:simulation    TICK:  93 PC:  28 SP:   0 ACC: -6 	- 0
  DEBUG   emulator:simulation    TICK: 101 PC:  29 SP:   1 ACC: -6 	dup 0
  DEBUG   emulator:simulation    TICK: 108 PC:  30 SP:   0 ACC: 7 	inc 0
  DEBUG   emulator:simulation    TICK: 111 PC:  31 SP:   1 ACC: 7 	+ 0
  DEBUG   emulator:simulation    TICK: 119 PC:  32 SP:   2 ACC: 7 	dec 0
  DEBUG   emulator:simulation    TICK: 122 PC:  33 SP:   1 ACC: 7 	- 0
  DEBUG   emulator:simulation    TICK: 130 PC:  34 SP:   2 ACC: 7 	dup 0
  DEBUG   emulator:simulation    TICK: 137 PC:  35 SP:   1 ACC: 6 	inc 0
  DEBUG   emulator:simulation    TICK: 140 PC:  36 SP:   2 ACC: 6 	jz 38
  DEBUG   emulator:simulation    TICK: 143 PC:  37 SP:   2 ACC: 6 	jmp 11
  DEBUG   emulator:simulation    TICK: 145 PC:  11 SP:   2 ACC: 6 	dup 0
  DEBUG   emulator:simulation    TICK: 152 PC:  12 SP:   1 ACC: 6 	inc 0
  DEBUG   emulator:simulation    TICK: 155 PC:  13 SP:   2 ACC: 6 	- 0
  DEBUG   emulator:simulation    TICK: 163 PC:  14 SP:   3 ACC: 6 	dup 0
  DEBUG   emulator:simulation    TICK: 170 PC:  15 SP:   2 ACC: -95 	dec 0
  DEBUG   emulator:simulation    TICK: 173 PC:  16 SP:   1 ACC: -95 	- 0
  DEBUG   emulator:simulation    TICK: 181 PC:  17 SP:   2 ACC: -95 	dup 0
  DEBUG   emulator:simulation    TICK: 188 PC:  18 SP:   1 ACC: 101 	inc 0
  DEBUG   emulator:simulation    TICK: 191 PC:  19 SP:   2 ACC: 101 	+ 0
  DEBUG   emulator:simulation    TICK: 199 PC:  20 SP:   3 ACC: 101 	dec 0
  DEBUG   emulator:simulation    TICK: 202 PC:  21 SP:   2 ACC: 101 	. 0
  DEBUG   emulator:simulation    TICK: 204 PC:  22 SP:   3 ACC: 101 	push 1
  DEBUG   emulator:simulation    TICK: 206 PC:  23 SP:   2 ACC: 101 	dup 0
  DEBUG   emulator:simulation    TICK: 213 PC:  24 SP:   1 ACC: 1 	inc 0
  DEBUG   emulator:simulation    TICK: 216 PC:  25 SP:   2 ACC: 1 	- 0
  DEBUG   emulator:simulation    TICK: 224 PC:  26 SP:   3 ACC: 1 	dup 0
  DEBUG   emulator:simulation    TICK: 231 PC:  27 SP:   2 ACC: -5 	dec 0
  DEBUG   emulator:simulation    TICK: 234 PC:  28 SP:   1 ACC: -5 	- 0
  DEBUG   emulator:simulation    TICK: 242 PC:  29 SP:   2 ACC: -5 	dup 0
  DEBUG   emulator:simulation    TICK: 249 PC:  30 SP:   1 ACC: 6 	inc 0
  DEBUG   emulator:simulation    TICK: 252 PC:  31 SP:   2 ACC: 6 	+ 0
  DEBUG   emulator:simulation    TICK: 260 PC:  32 SP:   3 ACC: 6 	dec 0
  DEBUG   emulator:simulation    TICK: 263 PC:  33 SP:   2 ACC: 6 	- 0
  DEBUG   emulator:simulation    TICK: 271 PC:  34 SP:   3 ACC: 6 	dup 0
  DEBUG   emulator:simulation    TICK: 278 PC:  35 SP:   2 ACC: 5 	inc 0
  DEBUG   emulator:simulation    TICK: 281 PC:  36 SP:   3 ACC: 5 	jz 38
  DEBUG   emulator:simulation    TICK: 284 PC:  37 SP:   3 ACC: 5 	jmp 11
  DEBUG   emulator:simulation    TICK: 286 PC:  11 SP:   3 ACC: 5 	dup 0
  DEBUG   emulator:simulation    TICK: 293 PC:  12 SP:   2 ACC: 5 	inc 0
  DEBUG   emulator:simulation    TICK: 296 PC:  13 SP:   3 ACC: 5 	- 0
  DEBUG   emulator:simulation    TICK: 304 PC:  14 SP:   4 ACC: 5 	dup 0
  DEBUG   emulator:simulation    TICK: 311 PC:  15 SP:   3 ACC: -103 	dec 0
  DEBUG   emulator:simulation    TICK: 314 PC:  16 SP:   2 ACC: -103 	- 0
  DEBUG   emulator:simulation    TICK: 322 PC:  17 SP:   3 ACC: -103 	dup 0
  DEBUG   emulator:simulation    TICK: 329 PC:  18 SP:   2 ACC: 108 	inc 0
  DEBUG   emulator:simulation    TICK: 332 PC:  19 SP:   3 ACC: 108 	+ 0
  DEBUG   emulator:simulation    TICK: 340 PC:  20 SP:   4 ACC: 108 	dec 0
  DEBUG   emulator:simulation    TICK: 343 PC:  21 SP:   3 ACC: 108 	. 0
  DEBUG   emulator:simulation    TICK: 345 PC:  22 SP:   4 ACC: 108 	push 1
  DEBUG   emulator:simulation    TICK: 347 PC:  23 SP:   3 ACC: 108 	dup 0
  DEBUG   emulator:simulation    TICK: 354 PC:  24 SP:   2 ACC: 1 	inc 0
  DEBUG   emulator:simulation    TICK: 357 PC:  25 SP:   3 ACC: 1 	- 0
  DEBUG   emulator:simulation    TICK: 365 PC:  26 SP:   4 ACC: 1 	dup 0
  DEBUG   emulator:simulation    TICK: 372 PC:  27 SP:   3 ACC: -4 	dec 0
  DEBUG   emulator:simulation    TICK: 375 PC:  28 SP:   2 ACC: -4 	- 0
  DEBUG   emulator:simulation    TICK: 383 PC:  29 SP:   3 ACC: -4 	dup 0
  DEBUG   emulator:simulation    TICK: 390 PC:  30 SP:   2 ACC: 5 	inc 0
  DEBUG   emulator:simulation    TICK: 393 PC:  31 SP:   3 ACC: 5 	+ 0
  DEBUG   emulator:simulation    TICK: 401 PC:  32 SP:   4 ACC: 5 	dec 0
  DEBUG   emulator:simulation    TICK: 404 PC:  33 SP:   3 ACC: 5 	- 0
  DEBUG   emulator:simulation    TICK: 412 PC:  34 SP:   4 ACC: 5 	dup 0
  DEBUG   emulator:simulation    TICK: 419 PC:  35 SP:   3 ACC: 4 	inc 0
  DEBUG   emulator:simulation    TICK: 422 PC:  36 SP:   4 ACC: 4 	jz 38
  DEBUG   emulator:simulation    TICK: 425 PC:  37 SP:   4 ACC: 4 	jmp 11
  DEBUG   emulator:simulation    TICK: 427 PC:  11 SP:   4 ACC: 4 	dup 0
  DEBUG   emulator:simulation    TICK: 434 PC:  12 SP:   3 ACC: 4 	inc 0
  DEBUG   emulator:simulation    TICK: 437 PC:  13 SP:   4 ACC: 4 	- 0
  DEBUG   emulator:simulation    TICK: 445 PC:  14 SP:   5 ACC: 4 	dup 0
  DEBUG   emulator:simulation    TICK: 452 PC:  15 SP:   4 ACC: -104 	dec 0
  DEBUG   emulator:simulation    TICK: 455 PC:  16 SP:   3 ACC: -104 	- 0
  DEBUG   emulator:simulation    TICK: 463 PC:  17 SP:   4 ACC: -104 	dup 0
  DEBUG   emulator:simulation    TICK: 470 PC:  18 SP:   3 ACC: 108 	inc 0
  DEBUG   emulator:simulation    TICK: 473 PC:  19 SP:   4 ACC: 108 	+ 0
  DEBUG   emulator:simulation    TICK: 481 PC:  20 SP:   5 ACC: 108 	dec 0
  DEBUG   emulator:simulation    TICK: 484 PC:  21 SP:   4 ACC: 108 	. 0
  DEBUG   emulator:simulation    TICK: 486 PC:  22 SP:   5 ACC: 108 	push 1
  DEBUG   emulator:simulation    TICK: 488 PC:  23 SP:   4 ACC: 108 	dup 0
  DEBUG   emulator:simulation    TICK: 495 PC:  24 SP:   3 ACC: 1 	inc 0
  DEBUG   emulator:simulation    TICK: 498 PC:  25 SP:   4 ACC: 1 	- 0
  DEBUG   emulator:simulation    TICK: 506 PC:  26 SP:   5 ACC: 1 	dup 0
  DEBUG   emulator:simulation    TICK: 513 PC:  27 SP:   4 ACC: -3 	dec 0
  DEBUG   emulator:simulation    TICK: 516 PC:  28 SP:   3 ACC: -3 	- 0
  DEBUG   emulator:simulation    TICK: 524 PC:  29 SP:   4 ACC: -3 	dup 0
  DEBUG   emulator:simulation    TICK: 531 PC:  30 SP:   3 ACC: 4 	inc 0
  DEBUG   emulator:simulation    TICK: 534 PC:  31 SP:   4 ACC: 4 	+ 0
  DEBUG   emulator:simulation    TICK: 542 PC:  32 SP:   5 ACC: 4 	dec 0
  DEBUG   emulator:simulation    TICK: 545 PC:  33 SP:   4 ACC: 4 	- 0
  DEBUG   emulator:simulation    TICK: 553 PC:  34 SP:   5 ACC: 4 	dup 0
  DEBUG   emulator:simulation    TICK: 560 PC:  35 SP:   4 ACC: 3 	inc 0
  DEBUG   emulator:simulation    TICK: 563 PC:  36 SP:   5 ACC: 3 	jz 38
  DEBUG   emulator:simulation    TICK: 566 PC:  37 SP:   5 ACC: 3 	jmp 11
  DEBUG   emulator:simulation    TICK: 568 PC:  11 SP:   5 ACC: 3 	dup 0
  DEBUG   emulator:simulation    TICK: 575 PC:  12 SP:   4 ACC: 3 	inc 0
  DEBUG   emulator:simulation    TICK: 578 PC:  13 SP:   5 ACC: 3 	- 0
  DEBUG   emulator:simulation    TICK: 586 PC:  14 SP:   6 ACC: 3 	dup 0
  DEBUG   emulator:simulation    TICK: 593 PC:  15 SP:   5 ACC: -108 	dec 0
  DEBUG   emulator:simulation    TICK: 596 PC:  16 SP:   4 ACC: -108 	- 0
  DEBUG   emulator:simulation    TICK: 604 PC:  17 SP:   5 ACC: -108 	dup 0
  DEBUG   emulator:simulation    TICK: 611 PC:  18 SP:   4 ACC: 111 	inc 0
  DEBUG   emulator:simulation    TICK: 614 PC:  19 SP:   5 ACC: 111 	+ 0
  DEBUG   emulator:simulation    TICK: 622 PC:  20 SP:   6 ACC: 111 	dec 0
  DEBUG   emulator:simulation    TICK: 625 PC:  21 SP:   5 ACC: 111 	. 0
  DEBUG   emulator:simulation    TICK: 627 PC:  22 SP:   6 ACC: 111 	push 1
  DEBUG   emulator:simulation    TICK: 629 PC:  23 SP:   5 ACC: 111 	dup 0
  DEBUG   emulator:simulation    TICK: 636 PC:  24 SP:   4 ACC: 1 	inc 0
  DEBUG   emulator:simulation    TICK: 639 PC:  25 SP:   5 ACC: 1 	- 0
  DEBUG   emulator:simulation    TICK: 647 PC:  26 SP:   6 ACC: 1 	dup 0
  DEBUG   emulator:simulation    TICK: 654 PC:  27 SP:   5 ACC: -2 	dec 0
  DEBUG   emulator:simulation    TICK: 657 PC:  28 SP:   4 ACC: -2 	- 0
  DEBUG   emulator:simulation    TICK: 665 PC:  29 SP:   5 ACC: -2 	dup 0
  DEBUG   emulator:simulation    TICK: 672 PC:  30 SP:   4 ACC: 3 	inc 0
  DEBUG   emulator:simulation    TICK: 675 PC:  31 SP:   5 ACC: 3 	+ 0
  DEBUG   emulator:simulation    TICK: 683 PC:  32 SP:   6 ACC: 3 	dec 0
  DEBUG   emulator:simulation    TICK: 686 PC:  33 SP:   5 ACC: 3 	- 0
  DEBUG   emulator:simulation    TICK: 694 PC:  34 SP:   6 ACC: 3 	dup 0
  DEBUG   emulator:simulation    TICK: 701 PC:  35 SP:   5 ACC: 2 	inc 0
  DEBUG   emulator:simulation    TICK: 704 PC:  36 SP:   6 ACC: 2 	jz 38
  DEBUG   emulator:simulation    TICK: 707 PC:  37 SP:   6 ACC: 2 	jmp 11
  DEBUG   emulator:simulation    TICK: 709 PC:  11 SP:   6 ACC: 2 	dup 0
  DEBUG   emulator:simulation    TICK: 716 PC:  12 SP:   5 ACC: 2 	inc 0
  DEBUG   emulator:simulation    TICK: 719 PC:  13 SP:   6 ACC: 2 	- 0
  DEBUG   emulator:simulation    TICK: 727 PC:  14 SP:   7 ACC: 2 	dup 0
  DEBUG   emulator:simulation    TICK: 734 PC:  15 SP:   6 ACC: -42 	dec 0
  DEBUG   emulator:simulation    TICK: 737 PC:  16 SP:   5 ACC: -42 	- 0
  DEBUG   emulator:simulation    TICK: 745 PC:  17 SP:   6 ACC: -42 	dup 0
  DEBUG   emulator:simulation    TICK: 752 PC:  18 SP:   5 ACC: 44 	inc 0
  DEBUG   emulator:simulation    TICK: 755 PC:  19 SP:   6 ACC: 44 	+ 0
  DEBUG   emulator:simulation    TICK: 763 PC:  20 SP:   7 ACC: 44 	dec 0
  DEBUG   emulator:simulation    TICK: 766 PC:  21 SP:   6 ACC: 44 	. 0
  DEBUG   emulator:simulation    TICK: 768 PC:  22 SP:   7 ACC: 44 	push 1
  DEBUG   emulator:simulation    TICK: 770 PC:  23 SP:   6 ACC: 44 	dup 0
  DEBUG   emulator:simulation    TICK: 777 PC:  24 SP:   5 ACC: 1 	inc 0
  DEBUG   emulator:simulation    TICK: 780 PC:  25 SP:   6 ACC: 1 	- 0
  DEBUG   emulator:simulation    TICK: 788 PC:  26 SP:   7 ACC: 1 	dup 0
  DEBUG   emulator:simulation    TICK: 795 PC:  27 SP:   6 ACC: -1 	dec 0
  DEBUG   emulator:simulation    TICK: 798 PC:  28 SP:   5 ACC: -1 	- 0
  DEBUG   emulator:simulation    TICK: 806 PC:  29 SP:   6 ACC: -1 	dup 0
  DEBUG   emulator:simulation    TICK: 813 PC:  30 SP:   5 ACC: 2 	inc 0
  DEBUG   emulator:simulation    TICK: 816 PC:  31 SP:   6 ACC: 2 	+ 0
  DEBUG   emulator:simulation    TICK: 824 PC:  32 SP:   7 ACC: 2 	dec 0
  DEBUG   emulator:simulation    TICK: 827 PC:  33 SP:   6 ACC: 2 	- 0
  DEBUG   emulator:simulation    TICK: 835 PC:  34 SP:   7 ACC: 2 	dup 0
  DEBUG   emulator:simulation    TICK: 842 PC:  35 SP:   6 ACC: 1 	inc 0
  DEBUG   emulator:simulation    TICK: 845 PC:  36 SP:   7 ACC: 1 	jz 38
  DEBUG   emulator:simulation    TICK: 848 PC:  37 SP:   7 ACC: 1 	jmp 11
  DEBUG   emulator:simulation    TICK: 850 PC:  11 SP:   7 ACC: 1 	dup 0
  DEBUG   emulator:simulation    TICK: 857 PC:  12 SP:   6 ACC: 1 	inc 0
  DEBUG   emulator:simulation    TICK: 860 PC:  13 SP:   7 ACC: 1 	- 0
  DEBUG   emulator:simulation    TICK: 868 PC:  14 SP:   8 ACC: 1 	dup 0
  DEBUG   emulator:simulation    TICK: 875 PC:  15 SP:   7 ACC: -31 	dec 0
  DEBUG   emulator:simulation    TICK: 878 PC:  16 SP:   6 ACC: -31 	- 0
  DEBUG   emulator:simulation    TICK: 886 PC:  17 SP:   7 ACC: -31 	dup 0
  DEBUG   emulator:simulation    TICK: 893 PC:  18 SP:   6 ACC: 32 	inc 0
  DEBUG   emulator:simulation    TICK: 896 PC:  19 SP:   7 ACC: 32 	+ 0
  DEBUG   emulator:simulation    TICK: 904 PC:  20 SP:   8 ACC: 32 	dec 0
  DEBUG   emulator:simulation    TICK: 907 PC:  21 SP:   7 ACC: 32 	. 0
  DEBUG   emulator:simulation    TICK: 909 PC:  22 SP:   8 ACC: 32 	push 1
  DEBUG   emulator:simulation    TICK: 911 PC:  23 SP:   7 ACC: 32 	dup 0
  DEBUG   emulator:simulation    TICK: 918 PC:  24 SP:   6 ACC: 1 	inc 0
  DEBUG   emulator:simulation    TICK: 921 PC:  25 SP:   7 ACC: 1 	- 0
  DEBUG   emulator:simulation    TICK: 929 PC:  26 SP:   8 ACC: 1 	dup 0
  DEBUG   emulator:simulation    TICK: 936 PC:  27 SP:   7 ACC: 0 	dec 0
  DEBUG   emulator:simulation    TICK: 939 PC:  28 SP:   6 ACC: 0 	- 0
  DEBUG   emulator:simulation    TICK: 947 PC:  29 SP:   7 ACC: 0 	dup 0
  DEBUG   emulator:simulation    TICK: 954 PC:  30 SP:   6 ACC: 1 	inc 0
  DEBUG   emulator:simulation    TICK: 957 PC:  31 SP:   7 ACC: 1 	+ 0
  DEBUG   emulator:simulation    TICK: 965 PC:  32 SP:   8 ACC: 1 	dec 0
  DEBUG   emulator:simulation    TICK: 968 PC:  33 SP:   7 ACC: 1 	- 0
  DEBUG   emulator:simulation    TICK: 976 PC:  34 SP:   8 ACC: 1 	dup 0
  DEBUG   emulator:simulation    TICK: 983 PC:  35 SP:   7 ACC: 0 	inc 0
  DEBUG   emulator:simulation    TICK: 986 PC:  36 SP:   8 ACC: 0 	jz 38
  DEBUG   emulator:simulation    TICK: 989 PC:  38 SP:   8 ACC: 0 	mov_rbp 0
  DEBUG   emulator:simulation    TICK: 992 PC:  39 SP: 149 ACC: 0 	input 0
  DEBUG   emulator:simulation    TICK: 994 PC:  40 SP: 148 ACC: 0 	dup 0
  DEBUG   emulator:simulation    TICK: 1001 PC:  41 SP: 147 ACC: 78 	. 0
  DEBUG   emulator:simulation    TICK: 1003 PC:  42 SP: 148 ACC: 78 	push 46
  DEBUG   emulator:simulation    TICK: 1005 PC:  43 SP: 147 ACC: 78 	!= 0
  DEBUG   emulator:simulation    TICK: 1013 PC:  44 SP: 148 ACC: 78 	inc 0
  DEBUG   emulator:simulation    TICK: 1016 PC:  45 SP: 149 ACC: 78 	jz 47
  DEBUG   emulator:simulation    TICK: 1019 PC:  46 SP: 149 ACC: 78 	jmp 39
  DEBUG   emulator:simulation    TICK: 1021 PC:  39 SP: 149 ACC: 78 	input 0
  DEBUG   emulator:simulation    TICK: 1023 PC:  40 SP: 148 ACC: 78 	dup 0
  DEBUG   emulator:simulation    TICK: 1030 PC:  41 SP: 147 ACC: 97 	. 0
  DEBUG   emulator:simulation    TICK: 1032 PC:  42 SP: 148 ACC: 97 	push 46
  DEBUG   emulator:simulation    TICK: 1034 PC:  43 SP: 147 ACC: 97 	!= 0
  DEBUG   emulator:simulation    TICK: 1042 PC:  44 SP: 148 ACC: 97 	inc 0
  DEBUG   emulator:simulation    TICK: 1045 PC:  45 SP: 149 ACC: 97 	jz 47
  DEBUG   emulator:simulation    TICK: 1048 PC:  46 SP: 149 ACC: 97 	jmp 39
  DEBUG   emulator:simulation    TICK: 1050 PC:  39 SP: 149 ACC: 97 	input 0
  DEBUG   emulator:simulation    TICK: 1052 PC:  40 SP: 148 ACC: 97 	dup 0
  DEBUG   emulator:simulation    TICK: 1059 PC:  41 SP: 147 ACC: 109 	. 0
  DEBUG   emulator:simulation    TICK: 1061 PC:  42 SP: 148 ACC: 109 	push 46
  DEBUG   emulator:simulation    TICK: 1063 PC:  43 SP: 147 ACC: 109 	!= 0
  DEBUG   emulator:simulation    TICK: 1071 PC:  44 SP: 148 ACC: 109 	inc 0
  DEBUG   emulator:simulation    TICK: 1074 PC:  45 SP: 149 ACC: 109 	jz 47
  DEBUG   emulator:simulation    TICK: 1077 PC:  46 SP: 149 ACC: 109 	jmp 39
  DEBUG   emulator:simulation    TICK: 1079 PC:  39 SP: 149 ACC: 109 	input 0
  DEBUG   emulator:simulation    TICK: 1081 PC:  40 SP: 148 ACC: 109 	dup 0
  DEBUG   emulator:simulation    TICK: 1088 PC:  41 SP: 147 ACC: 101 	. 0
  DEBUG   emulator:simulation    TICK: 1090 PC:  42 SP: 148 ACC: 101 	push 46
  DEBUG   emulator:simulation    TICK: 1092 PC:  43 SP: 147 ACC: 101 	!= 0
  DEBUG   emulator:simulation    TICK: 1100 PC:  44 SP: 148 ACC: 101 	inc 0
  DEBUG   emulator:simulation    TICK: 1103 PC:  45 SP: 149 ACC: 101 	jz 47
  DEBUG   emulator:simulation    TICK: 1106 PC:  46 SP: 149 ACC: 101 	jmp 39
  DEBUG   emulator:simulation    TICK: 1108 PC:  39 SP: 149 ACC: 101 	input 0
  DEBUG   emulator:simulation    TICK: 1110 PC:  40 SP: 148 ACC: 101 	dup 0
  DEBUG   emulator:simulation    TICK: 1117 PC:  41 SP: 147 ACC: 46 	. 0
  DEBUG   emulator:simulation    TICK: 1119 PC:  42 SP: 148 ACC: 46 	push 46
  DEBUG   emulator:simulation    TICK: 1121 PC:  43 SP: 147 ACC: 46 	!= 0
  DEBUG   emulator:simulation    TICK: 1129 PC:  44 SP: 148 ACC: 46 	inc 0
  DEBUG   emulator:simulation    TICK: 1132 PC:  45 SP: 149 ACC: 46 	jz 47
  DEBUG   emulator:simulation    TICK: 1135 PC:  47 SP: 149 ACC: 46 	push 33
  DEBUG   emulator:simulation    TICK: 1137 PC:  48 SP: 148 ACC: 46 	. 0
  DEBUG   emulator:simulation    TICK: 1139 PC:  49 SP: 149 ACC: 46 	halt 0
  INFO    emulator:simulation    output_buffer: 'hello, Name.!'
